[1970-01-01T00:00:00Z  ~000000ms] event: 1
[1970-01-01T00:00:00Z  ~000500ms] event: 2
[1970-01-01T00:00:02Z  ~001500ms] event: 3
[1970-01-01T00:17:30Z  ~1048000ms] event: 4
*******************************************************************************************
[1970-01-01T00:17:32Z  ~002000ms] 
Exception: Oh no you didn't!
*******************************************************************************************
