Running initial check...
CHECKMARK tcr: committed [time]
CHECKMARK build working
-----------------------------
Run #1
CHECKMARK found problems [time]
CHECKMARK fix problem [time]
CHECKMARK tcr: committed [time]
-----------------------------
Run #2
CHECKMARK found problems [time]
CHECKMARK fix problem [time]
X tcr: reverted [time]
-----------------------------
Run #3
CHECKMARK found problems [time]
CHECKMARK fix problem [time]
CHECKMARK tcr: committed [time]
-----------------------------
Run #4
X found problems [time]
no more problems found.
