{
    "name": "AraxisMergeMac",
    "path": "/Applications/Araxis Merge.app/Contents/Utilities/compare"
}