{
    "name": "AraxisMergeWin",
    "path": "C:/Program Files/Araxis/Araxis Merge/Merge.exe"
}