{
    "name": "BeyondCompare4Mac",
    "path": "/usr/local/bin/bcompare"
}