[
  [
    "BeyondCompare4",
    "C:/Program Files (x86)/Beyond Compare 4/BCompare.exe"
  ],
  [
    "BeyondCompare4Mac",
    "/usr/local/bin/bcompare"
  ],
  [
    "BeyondCompare3",
    "C:/Program Files (x86)/Beyond Compare 3/BCompare.exe"
  ],
  [
    "AraxisMergeWin",
    "C:/Program Files/Araxis/Araxis Merge/Merge.exe"
  ],
  [
    "AraxisMergeMac",
    "/Applications/Araxis Merge.app/Contents/Utilities/compare"
  ],
  [
    "WinMerge",
    "C:/Program Files (x86)/WinMerge/WinMergeU.exe"
  ],
  [
    "meld",
    "meld"
  ],
  [
    "opendiff",
    "opendiff"
  ]
]