{
    "name": "WinMerge",
    "path": "C:/Program Files (x86)/WinMerge/WinMergeU.exe"
}