[
    [
        "BeyondCompare4",
        "C:/Program Files (x86)/Beyond Compare 4/BCompare.exe"
    ],
    [
        "WinMerge",
        "C:/Program Files (x86)/WinMerge/WinMergeU.exe"
    ],
    [
        "FakeReporter",
        "i_am_fake"
    ]
]