
        please rename the name foo to smthg better

        ---

        ```
        function foo(a,b) {
        return a +b
        }
        ```

        output format:
        suggested name - <name here>
        
